<p id="Psa1-1" class="verse">
      <b><a href="19_Psalms_1.htm">Ps 1</a><a href="19_Psalms_1.htm#Psa1">:1</a></b><span class="acolon">Blessed is the man /<span class="bcolon"> Who
      does not walk /<span class="bcolon"> In the counsel of the wicked,
      /<span class="acolon"> Nor stand on the path of sinners, /<span class="bcolon">
      Nor sit in the seat of mockers;
    </span></span></span></span></span></p>